// Jest Snapshot v1, https://goo.gl/fbAQLP

exports[`matches snapshot 1`] = `
<DocumentFragment>
  <div
    class="App"
  >
    <div>
      <form>
        <label
          for="width"
        >
          Width:
        </label>
        <input
          id="width"
          name="width"
          value=""
        />
        <label
          for="height"
        >
          Height:
        </label>
        <input
          id="height"
          name="height"
          value=""
        />
        <label
          for="bgColor"
        >
          Background Color:
        </label>
        <input
          id="bgColor"
          name="bgColor"
          value=""
        />
        <button>
          Add Box
        </button>
      </form>
    </div>
  </div>
</DocumentFragment>
`;
